
> rise@1.0.0 build
> vite build

[36mvite v4.5.14 [32mbuilding for production...[36m[39m
transforming...
[32m✓[39m 2060 modules transformed.
rendering chunks...
computing gzip size...
[2mdist/[22m[32mindex.html                 [39m[1m[2m  0.72 kB[22m[1m[22m[2m │ gzip:   0.39 kB[22m
[2mdist/[22m[35massets/index-7610db36.css  [39m[1m[2m 60.12 kB[22m[1m[22m[2m │ gzip:   9.71 kB[22m
[2mdist/[22m[36massets/index-11be5bc7.js   [39m[1m[33m520.80 kB[39m[22m[2m │ gzip: 150.08 kB[22m
[33m
(!) Some chunks are larger than 500 kBs after minification. Consider:
- Using dynamic import() to code-split the application
- Use build.rollupOptions.output.manualChunks to improve chunking: https://rollupjs.org/configuration-options/#output-manualchunks
- Adjust chunk size limit for this warning via build.chunkSizeWarningLimit.[39m
[32m✓ built in 3.38s[39m
